[   13873ms] [INFO] %cDownload the React DevTools for a better development experience: https://react.dev/link/react-devtools font-weight:bold @ https://chat.hiapis.cloud/_next/static/chunks/node_modules_next_dist_115brz8._.js:2477
[   14284ms] [ERROR] WebSocket connection to 'wss://chat.hiapis.cloud/_next/webpack-hmr?id=0E_zu1Vg9afTjcpBrbpWW' failed: Error during WebSocket handshake: Invalid status line @ https://chat.hiapis.cloud/_next/static/chunks/node_modules_next_dist_client_0fhqo1d._.js:13322
[   16171ms] [ERROR] WebSocket connection to 'wss://chat.hiapis.cloud/_next/webpack-hmr?id=0E_zu1Vg9afTjcpBrbpWW' failed: Error during WebSocket handshake: Invalid status line @ https://chat.hiapis.cloud/_next/static/chunks/node_modules_next_dist_client_0fhqo1d._.js:13322
[   66763ms] [ERROR] WebSocket connection to 'wss://chat.hiapis.cloud/_next/webpack-hmr?id=0E_zu1Vg9afTjcpBrbpWW' failed: WebSocket opening handshake timed out @ https://chat.hiapis.cloud/_next/static/chunks/node_modules_next_dist_client_0fhqo1d._.js:13322
[   75506ms] [ERROR] WebSocket connection to 'wss://chat.hiapis.cloud/_next/webpack-hmr?id=0E_zu1Vg9afTjcpBrbpWW' failed: Error during WebSocket handshake: Invalid status line @ https://chat.hiapis.cloud/_next/static/chunks/node_modules_next_dist_client_0fhqo1d._.js:13322
[   77006ms] [ERROR] WebSocket connection to 'wss://chat.hiapis.cloud/_next/webpack-hmr?id=0E_zu1Vg9afTjcpBrbpWW' failed: Error during WebSocket handshake: Invalid status line @ https://chat.hiapis.cloud/_next/static/chunks/node_modules_next_dist_client_0fhqo1d._.js:13322
[   81642ms] [ERROR] WebSocket connection to 'wss://chat.hiapis.cloud/_next/webpack-hmr?id=0E_zu1Vg9afTjcpBrbpWW' failed: Error during WebSocket handshake: Invalid status line @ https://chat.hiapis.cloud/_next/static/chunks/node_modules_next_dist_client_0fhqo1d._.js:13322
[   90307ms] [ERROR] WebSocket connection to 'wss://chat.hiapis.cloud/_next/webpack-hmr?id=0E_zu1Vg9afTjcpBrbpWW' failed: Error during WebSocket handshake: Invalid status line @ https://chat.hiapis.cloud/_next/static/chunks/node_modules_next_dist_client_0fhqo1d._.js:13322
[  103059ms] [ERROR] WebSocket connection to 'wss://chat.hiapis.cloud/_next/webpack-hmr?id=0E_zu1Vg9afTjcpBrbpWW' failed: Error during WebSocket handshake: Invalid status line @ https://chat.hiapis.cloud/_next/static/chunks/node_modules_next_dist_client_0fhqo1d._.js:13322
[  138104ms] [ERROR] WebSocket connection to 'wss://chat.hiapis.cloud/_next/webpack-hmr?id=0E_zu1Vg9afTjcpBrbpWW' failed: WebSocket opening handshake timed out @ https://chat.hiapis.cloud/_next/static/chunks/node_modules_next_dist_client_0fhqo1d._.js:13322
[  148068ms] [ERROR] WebSocket connection to 'wss://chat.hiapis.cloud/_next/webpack-hmr?id=0E_zu1Vg9afTjcpBrbpWW' failed: Error during WebSocket handshake: Invalid status line @ https://chat.hiapis.cloud/_next/static/chunks/node_modules_next_dist_client_0fhqo1d._.js:13322
[  157528ms] [ERROR] WebSocket connection to 'wss://chat.hiapis.cloud/_next/webpack-hmr?id=0E_zu1Vg9afTjcpBrbpWW' failed: Error during WebSocket handshake: Invalid status line @ https://chat.hiapis.cloud/_next/static/chunks/node_modules_next_dist_client_0fhqo1d._.js:13322
[  178431ms] [ERROR] WebSocket connection to 'wss://chat.hiapis.cloud/_next/webpack-hmr?id=0E_zu1Vg9afTjcpBrbpWW' failed: Error during WebSocket handshake: Invalid status line @ https://chat.hiapis.cloud/_next/static/chunks/node_modules_next_dist_client_0fhqo1d._.js:13322
[  208996ms] [ERROR] WebSocket connection to 'wss://chat.hiapis.cloud/_next/webpack-hmr?id=0E_zu1Vg9afTjcpBrbpWW' failed: Error during WebSocket handshake: Invalid status line @ https://chat.hiapis.cloud/_next/static/chunks/node_modules_next_dist_client_0fhqo1d._.js:13322
[  213709ms] [INFO] %cDownload the React DevTools for a better development experience: https://react.dev/link/react-devtools font-weight:bold @ https://chat.hiapis.cloud/_next/static/chunks/node_modules_next_dist_115brz8._.js:2477
[  215595ms] [ERROR] WebSocket connection to 'wss://chat.hiapis.cloud/_next/webpack-hmr?id=XL2ifkDy_SlSQ4bs6b9o8' failed: Error during WebSocket handshake: Invalid status line @ https://chat.hiapis.cloud/_next/static/chunks/node_modules_next_dist_client_0fhqo1d._.js:13322
[  221227ms] [ERROR] WebSocket connection to 'wss://chat.hiapis.cloud/_next/webpack-hmr?id=XL2ifkDy_SlSQ4bs6b9o8' failed: Error during WebSocket handshake: Invalid status line @ https://chat.hiapis.cloud/_next/static/chunks/node_modules_next_dist_client_0fhqo1d._.js:13322
[  230011ms] [ERROR] WebSocket connection to 'wss://chat.hiapis.cloud/_next/webpack-hmr?id=XL2ifkDy_SlSQ4bs6b9o8' failed: Error during WebSocket handshake: Invalid status line @ https://chat.hiapis.cloud/_next/static/chunks/node_modules_next_dist_client_0fhqo1d._.js:13322
[  232733ms] [ERROR] WebSocket connection to 'wss://chat.hiapis.cloud/_next/webpack-hmr?id=XL2ifkDy_SlSQ4bs6b9o8' failed: Error during WebSocket handshake: Invalid status line @ https://chat.hiapis.cloud/_next/static/chunks/node_modules_next_dist_client_0fhqo1d._.js:13322
[  239041ms] [ERROR] WebSocket connection to 'wss://chat.hiapis.cloud/_next/webpack-hmr?id=XL2ifkDy_SlSQ4bs6b9o8' failed: Error during WebSocket handshake: Invalid status line @ https://chat.hiapis.cloud/_next/static/chunks/node_modules_next_dist_client_0fhqo1d._.js:13322
[  245427ms] [ERROR] WebSocket connection to 'wss://chat.hiapis.cloud/_next/webpack-hmr?id=XL2ifkDy_SlSQ4bs6b9o8' failed: Error during WebSocket handshake: Invalid status line @ https://chat.hiapis.cloud/_next/static/chunks/node_modules_next_dist_client_0fhqo1d._.js:13322
[  254179ms] [ERROR] WebSocket connection to 'wss://chat.hiapis.cloud/_next/webpack-hmr?id=XL2ifkDy_SlSQ4bs6b9o8' failed: Error during WebSocket handshake: Invalid status line @ https://chat.hiapis.cloud/_next/static/chunks/node_modules_next_dist_client_0fhqo1d._.js:13322
[  260126ms] [ERROR] WebSocket connection to 'wss://chat.hiapis.cloud/_next/webpack-hmr?id=XL2ifkDy_SlSQ4bs6b9o8' failed: Error during WebSocket handshake: Invalid status line @ https://chat.hiapis.cloud/_next/static/chunks/node_modules_next_dist_client_0fhqo1d._.js:13322
[  273187ms] [ERROR] WebSocket connection to 'wss://chat.hiapis.cloud/_next/webpack-hmr?id=XL2ifkDy_SlSQ4bs6b9o8' failed: Error during WebSocket handshake: Invalid status line @ https://chat.hiapis.cloud/_next/static/chunks/node_modules_next_dist_client_0fhqo1d._.js:13322
[  281818ms] [ERROR] WebSocket connection to 'wss://chat.hiapis.cloud/_next/webpack-hmr?id=XL2ifkDy_SlSQ4bs6b9o8' failed: Error during WebSocket handshake: Invalid status line @ https://chat.hiapis.cloud/_next/static/chunks/node_modules_next_dist_client_0fhqo1d._.js:13322
[  305171ms] [ERROR] WebSocket connection to 'wss://chat.hiapis.cloud/_next/webpack-hmr?id=XL2ifkDy_SlSQ4bs6b9o8' failed: Error during WebSocket handshake: Invalid status line @ https://chat.hiapis.cloud/_next/static/chunks/node_modules_next_dist_client_0fhqo1d._.js:13322
[  315600ms] [ERROR] WebSocket connection to 'wss://chat.hiapis.cloud/_next/webpack-hmr?id=XL2ifkDy_SlSQ4bs6b9o8' failed: Error during WebSocket handshake: Invalid status line @ https://chat.hiapis.cloud/_next/static/chunks/node_modules_next_dist_client_0fhqo1d._.js:13322
[  329319ms] [ERROR] WebSocket connection to 'wss://chat.hiapis.cloud/_next/webpack-hmr?id=XL2ifkDy_SlSQ4bs6b9o8' failed: Error during WebSocket handshake: Invalid status line @ https://chat.hiapis.cloud/_next/static/chunks/node_modules_next_dist_client_0fhqo1d._.js:13322
[  333274ms] [INFO] %cDownload the React DevTools for a better development experience: https://react.dev/link/react-devtools font-weight:bold @ https://chat.hiapis.cloud/_next/static/chunks/node_modules_next_dist_115brz8._.js:2477
[  338776ms] [ERROR] WebSocket connection to 'wss://chat.hiapis.cloud/_next/webpack-hmr?id=cDOMtHRgk0Tx-orz8fDg8' failed: Error during WebSocket handshake: Invalid status line @ https://chat.hiapis.cloud/_next/static/chunks/node_modules_next_dist_client_0fhqo1d._.js:13322
[  352369ms] [ERROR] WebSocket connection to 'wss://chat.hiapis.cloud/_next/webpack-hmr?id=cDOMtHRgk0Tx-orz8fDg8' failed: Error during WebSocket handshake: Invalid status line @ https://chat.hiapis.cloud/_next/static/chunks/node_modules_next_dist_client_0fhqo1d._.js:13322
[  361842ms] [ERROR] WebSocket connection to 'wss://chat.hiapis.cloud/_next/webpack-hmr?id=cDOMtHRgk0Tx-orz8fDg8' failed: Error during WebSocket handshake: Invalid status line @ https://chat.hiapis.cloud/_next/static/chunks/node_modules_next_dist_client_0fhqo1d._.js:13322
[  369105ms] [ERROR] WebSocket connection to 'wss://chat.hiapis.cloud/_next/webpack-hmr?id=cDOMtHRgk0Tx-orz8fDg8' failed: Error during WebSocket handshake: Invalid status line @ https://chat.hiapis.cloud/_next/static/chunks/node_modules_next_dist_client_0fhqo1d._.js:13322
[  372398ms] [ERROR] WebSocket connection to 'wss://chat.hiapis.cloud/_next/webpack-hmr?id=cDOMtHRgk0Tx-orz8fDg8' failed: Error during WebSocket handshake: Invalid status line @ https://chat.hiapis.cloud/_next/static/chunks/node_modules_next_dist_client_0fhqo1d._.js:13322
[  381880ms] [ERROR] WebSocket connection to 'wss://chat.hiapis.cloud/_next/webpack-hmr?id=cDOMtHRgk0Tx-orz8fDg8' failed: Error during WebSocket handshake: Invalid status line @ https://chat.hiapis.cloud/_next/static/chunks/node_modules_next_dist_client_0fhqo1d._.js:13322
[  388112ms] [ERROR] WebSocket connection to 'wss://chat.hiapis.cloud/_next/webpack-hmr?id=cDOMtHRgk0Tx-orz8fDg8' failed: Error during WebSocket handshake: Unexpected response code: 502 @ https://chat.hiapis.cloud/_next/static/chunks/node_modules_next_dist_client_0fhqo1d._.js:13322
[  396122ms] [LOG] [HMR] connected @ https://chat.hiapis.cloud/_next/static/chunks/node_modules_next_dist_115brz8._.js:2477
[  396941ms] [LOG] [Fast Refresh] rebuilding @ https://chat.hiapis.cloud/_next/static/chunks/node_modules_next_dist_115brz8._.js:2477
[  397011ms] [LOG] [Fast Refresh] done in 170ms @ https://chat.hiapis.cloud/_next/static/chunks/node_modules_next_dist_115brz8._.js:2477
[  397629ms] [LOG] [Fast Refresh] rebuilding @ https://chat.hiapis.cloud/_next/static/chunks/node_modules_next_dist_115brz8._.js:2477
[  397690ms] [LOG] [Fast Refresh] done in 162ms @ https://chat.hiapis.cloud/_next/static/chunks/node_modules_next_dist_115brz8._.js:2477
[  402290ms] [LOG] [Fast Refresh] rebuilding @ https://chat.hiapis.cloud/_next/static/chunks/node_modules_next_dist_115brz8._.js:2477
[  402532ms] [LOG] [Fast Refresh] done in 344ms @ https://chat.hiapis.cloud/_next/static/chunks/node_modules_next_dist_115brz8._.js:2477
[  407648ms] [LOG] [Fast Refresh] rebuilding @ https://chat.hiapis.cloud/_next/static/chunks/node_modules_next_dist_115brz8._.js:2477
[  408183ms] [LOG] [Fast Refresh] done in 637ms @ https://chat.hiapis.cloud/_next/static/chunks/node_modules_next_dist_115brz8._.js:2477
[  443761ms] [LOG] [Fast Refresh] rebuilding @ https://chat.hiapis.cloud/_next/static/chunks/node_modules_next_dist_115brz8._.js:2477
[  443769ms] Error: Internal Next.js error: Router action dispatched before initialization.
    at dispatchAppRouterAction (https://chat.hiapis.cloud/_next/static/chunks/node_modules_next_dist_client_0fhqo1d._.js:916:37)
    at https://chat.hiapis.cloud/_next/static/chunks/node_modules_next_dist_client_0fhqo1d._.js:11823:61
    at startTransition (https://chat.hiapis.cloud/_next/static/chunks/node_modules_next_dist_compiled_0rpq4pf._.js:1279:31)
    at Object.hmrRefresh (https://chat.hiapis.cloud/_next/static/chunks/node_modules_next_dist_client_0fhqo1d._.js:11822:40)
    at https://chat.hiapis.cloud/_next/static/chunks/node_modules_next_dist_client_0fhqo1d._.js:13990:64
    at startTransition (https://chat.hiapis.cloud/_next/static/chunks/node_modules_next_dist_compiled_0rpq4pf._.js:1279:31)
    at processMessage (https://chat.hiapis.cloud/_next/static/chunks/node_modules_next_dist_client_0fhqo1d._.js:13989:44)
    at WebSocket.handleMessage (https://chat.hiapis.cloud/_next/static/chunks/node_modules_next_dist_client_0fhqo1d._.js:13358:52)
[  443794ms] [LOG] [Fast Refresh] done in 1ms @ https://chat.hiapis.cloud/_next/static/chunks/node_modules_next_dist_115brz8._.js:2477
[  449038ms] [LOG] [Fast Refresh] rebuilding @ https://chat.hiapis.cloud/_next/static/chunks/node_modules_next_dist_115brz8._.js:2477
[  449041ms] Error: Internal Next.js error: Router action dispatched before initialization.
    at dispatchAppRouterAction (https://chat.hiapis.cloud/_next/static/chunks/node_modules_next_dist_client_0fhqo1d._.js:916:37)
    at https://chat.hiapis.cloud/_next/static/chunks/node_modules_next_dist_client_0fhqo1d._.js:11823:61
    at startTransition (https://chat.hiapis.cloud/_next/static/chunks/node_modules_next_dist_compiled_0rpq4pf._.js:1279:31)
    at Object.hmrRefresh (https://chat.hiapis.cloud/_next/static/chunks/node_modules_next_dist_client_0fhqo1d._.js:11822:40)
    at https://chat.hiapis.cloud/_next/static/chunks/node_modules_next_dist_client_0fhqo1d._.js:13990:64
    at startTransition (https://chat.hiapis.cloud/_next/static/chunks/node_modules_next_dist_compiled_0rpq4pf._.js:1279:31)
    at processMessage (https://chat.hiapis.cloud/_next/static/chunks/node_modules_next_dist_client_0fhqo1d._.js:13989:44)
    at WebSocket.handleMessage (https://chat.hiapis.cloud/_next/static/chunks/node_modules_next_dist_client_0fhqo1d._.js:13358:52)
[  449346ms] [LOG] [Fast Refresh] done in 21ms @ https://chat.hiapis.cloud/_next/static/chunks/node_modules_next_dist_115brz8._.js:2477
[  483393ms] [LOG] [Fast Refresh] rebuilding @ https://chat.hiapis.cloud/_next/static/chunks/node_modules_next_dist_115brz8._.js:2477
[  483945ms] [LOG] [Fast Refresh] done in 654ms @ https://chat.hiapis.cloud/_next/static/chunks/node_modules_next_dist_115brz8._.js:2477
[  731557ms] [LOG] [Fast Refresh] rebuilding @ https://chat.hiapis.cloud/_next/static/chunks/node_modules_next_dist_115brz8._.js:2477
[  731910ms] [LOG] [Fast Refresh] done in 454ms @ https://chat.hiapis.cloud/_next/static/chunks/node_modules_next_dist_115brz8._.js:2477
[ 1076468ms] [LOG] [HMR] connected @ https://chat.hiapis.cloud/_next/static/chunks/node_modules_next_dist_115brz8._.js:2477
[ 1085482ms] [INFO] %cDownload the React DevTools for a better development experience: https://react.dev/link/react-devtools font-weight:bold @ https://chat.hiapis.cloud/_next/static/chunks/node_modules_next_dist_115brz8._.js:2477
[ 1090093ms] [LOG] [HMR] connected @ https://chat.hiapis.cloud/_next/static/chunks/node_modules_next_dist_115brz8._.js:2477
[ 1129749ms] [ERROR] WebSocket connection to 'wss://chat.hiapis.cloud/_next/webpack-hmr?id=AkKZDbf_QAb_WN0CS_9Ph' failed: Error during WebSocket handshake: Unexpected response code: 502 @ https://chat.hiapis.cloud/_next/static/chunks/node_modules_next_dist_client_0fhqo1d._.js:13322
[ 1131373ms] [ERROR] WebSocket connection to 'wss://chat.hiapis.cloud/_next/webpack-hmr?id=AkKZDbf_QAb_WN0CS_9Ph' failed: Error during WebSocket handshake: Unexpected response code: 502 @ https://chat.hiapis.cloud/_next/static/chunks/node_modules_next_dist_client_0fhqo1d._.js:13322
[ 1133915ms] [ERROR] WebSocket connection to 'wss://chat.hiapis.cloud/_next/webpack-hmr?id=AkKZDbf_QAb_WN0CS_9Ph' failed: Error during WebSocket handshake: Unexpected response code: 502 @ https://chat.hiapis.cloud/_next/static/chunks/node_modules_next_dist_client_0fhqo1d._.js:13322
[ 1139756ms] [ERROR] WebSocket connection to 'wss://chat.hiapis.cloud/_next/webpack-hmr?id=AkKZDbf_QAb_WN0CS_9Ph' failed: Error during WebSocket handshake: Unexpected response code: 502 @ https://chat.hiapis.cloud/_next/static/chunks/node_modules_next_dist_client_0fhqo1d._.js:13322
[ 1179461ms] [ERROR] WebSocket connection to 'wss://chat.hiapis.cloud/_next/webpack-hmr?id=AkKZDbf_QAb_WN0CS_9Ph' failed: Error during WebSocket handshake: Unexpected response code: 502 @ https://chat.hiapis.cloud/_next/static/chunks/node_modules_next_dist_client_0fhqo1d._.js:13322
[ 1212119ms] [ERROR] WebSocket connection to 'wss://chat.hiapis.cloud/_next/webpack-hmr?id=AkKZDbf_QAb_WN0CS_9Ph' failed: Error during WebSocket handshake: Unexpected response code: 502 @ https://chat.hiapis.cloud/_next/static/chunks/node_modules_next_dist_client_0fhqo1d._.js:13322
[ 1235933ms] [ERROR] WebSocket connection to 'wss://chat.hiapis.cloud/_next/webpack-hmr?id=AkKZDbf_QAb_WN0CS_9Ph' failed: Error during WebSocket handshake: Unexpected response code: 502 @ https://chat.hiapis.cloud/_next/static/chunks/node_modules_next_dist_client_0fhqo1d._.js:13322
[ 1301578ms] [ERROR] WebSocket connection to 'wss://chat.hiapis.cloud/_next/webpack-hmr?id=AkKZDbf_QAb_WN0CS_9Ph' failed: WebSocket opening handshake timed out @ https://chat.hiapis.cloud/_next/static/chunks/node_modules_next_dist_client_0fhqo1d._.js:13322
[ 1314123ms] [ERROR] WebSocket connection to 'wss://chat.hiapis.cloud/_next/webpack-hmr?id=AkKZDbf_QAb_WN0CS_9Ph' failed: Error during WebSocket handshake: Unexpected response code: 502 @ https://chat.hiapis.cloud/_next/static/chunks/node_modules_next_dist_client_0fhqo1d._.js:13322
[ 1319607ms] [ERROR] WebSocket connection to 'wss://chat.hiapis.cloud/_next/webpack-hmr?id=AkKZDbf_QAb_WN0CS_9Ph' failed: Error during WebSocket handshake: Unexpected response code: 502 @ https://chat.hiapis.cloud/_next/static/chunks/node_modules_next_dist_client_0fhqo1d._.js:13322
[ 1437782ms] [ERROR] WebSocket connection to 'wss://chat.hiapis.cloud/_next/webpack-hmr?id=AkKZDbf_QAb_WN0CS_9Ph' failed: Error during WebSocket handshake: Unexpected response code: 502 @ https://chat.hiapis.cloud/_next/static/chunks/node_modules_next_dist_client_0fhqo1d._.js:13322
[ 1454645ms] [ERROR] WebSocket connection to 'wss://chat.hiapis.cloud/_next/webpack-hmr?id=AkKZDbf_QAb_WN0CS_9Ph' failed: Error during WebSocket handshake: Unexpected response code: 502 @ https://chat.hiapis.cloud/_next/static/chunks/node_modules_next_dist_client_0fhqo1d._.js:13322
[ 1456449ms] [ERROR] Failed to load resource: the server responded with a status of 502 (Bad Gateway) @ https://chat.hiapis.cloud/:0
[ 1456758ms] [ERROR] Failed to load resource: the server responded with a status of 502 (Bad Gateway) @ https://chat.hiapis.cloud/favicon.ico:0
